
> vite_react_shadcn_ts@0.0.0 build:dev
> vite build --mode development

[36mvite v5.4.19 [32mbuilding for development...[36m[39m
[32mÔ£ô[39m 0 modules transformed.
node.exe : [31mx[39m Build failed in 
24ms
At line:1 char:1
+ & "C:\Program Files\nodejs/node.exe" 
"C:\Program Files\nodejs/node_mo ...
+ ~~~~~~~~~~~~~~~~~~~~~~~~~~~~~~~~~~~~~~
~~~~~~~~~~~~~~~~~~~~~~~~~~~~~~~
    + CategoryInfo          : NotSpecif 
   ied: ([31mx[39m Build failed in 2  
  4ms:String) [], RemoteException
    + FullyQualifiedErrorId : NativeCom 
   mandError
 
[31merror during build:
[31mCould not resolve entry module 
"index.html".[31m
    at getRollupError (file:///C:/Users/
raj00/OneDrive/Desktop/new_web_apps/dhan
i-finance-mobile_3.0/node_modules/rollup
/dist/es/shared/parseAst.js:401:41)
    at error (file:///C:/Users/raj00/One
Drive/Desktop/new_web_apps/dhani-finance
-mobile_3.0/node_modules/rollup/dist/es/
shared/parseAst.js:397:42)
    at ModuleLoader.loadEntryModule (fil
e:///C:/Users/raj00/OneDrive/Desktop/new
_web_apps/dhani-finance-mobile_3.0/node_
modules/rollup/dist/es/shared/node-entry
.js:21448:20)
    at async Promise.all (index 0)[39m
